@@@ Unified Memory contents hex on left, decimal on right: 
@@@
@@@ mem[    0] = 0000009700000013 : 648540061715
@@@ mem[    8] = 0001011708c08093 : 282673419419795
@@@ mem[   16] = 00010413ff410113 : 285958910050579
@@@ mem[   24] = b081819300002197 : 12718589291031175575
@@@ mem[   32] = 0000029300000213 : 2830383448595
@@@ mem[   40] = 0000039300000313 : 3929895076627
@@@ mem[   48] = 0000051300000493 : 5579162518675
@@@ mem[   56] = 0000061300000593 : 6678674146707
@@@ mem[   64] = 0000071300000693 : 7778185774739
@@@ mem[   72] = 0000081300000793 : 8877697402771
@@@ mem[   80] = 0000091300000893 : 9977209030803
@@@ mem[   88] = 00000a1300000993 : 11076720658835
@@@ mem[   96] = 00000b1300000a93 : 12176232286867
@@@ mem[  104] = 00000c1300000b93 : 13275743914899
@@@ mem[  112] = 00000d1300000c93 : 14375255542931
@@@ mem[  120] = 00000e1300000d93 : 15474767170963
@@@ mem[  128] = 00000f1300000e93 : 16574278798995
@@@ mem[  136] = 3e80006f00000f93 : 4503600104111869843
@@@ mem[  144] = f701011300010117 : 17798508383460983063
@@@ mem[  152] = 00000013fea12c23 : 85876354083
@@@ mem[  160] = 0000001310500073 : 81878057075
@@@ mem[  168] = 0000001300000013 : 81604378643
@@@ mem[  176] = 06812623f9010113 : 468697772166545683
@@@ mem[  184] = 0731222307212423 : 518232965963129891
@@@ mem[  192] = 05512e2307412023 : 383138171283644451
@@@ mem[  200] = 05712a2305612c23 : 392140972460420131
@@@ mem[  208] = 0591262305812823 : 401143773670746147
@@@ mem[  216] = 05b1222305a12423 : 410146574881072163
@@@ mem[  224] = faa4262307010413 : 18060602337545749523
@@@ mem[  232] = fac42223fab42423 : 18069605142842582051
@@@ mem[  240] = 000016b7fad42023 : 24979443032099
@@@ mem[  248] = fff606933406a603 : 18443936553245255171
@@@ mem[  256] = 00060693fcd42023 : 1696082531983395
@@@ mem[  264] = f8042e23f8d42c23 : 17871459953346358307
@@@ mem[  272] = f9c42583f9842503 : 17997551259636475139
@@@ mem[  280] = 01b6d69300050693 : 123521966648133267
@@@ mem[  288] = 00529b9300058293 : 23252003753132691
@@@ mem[  296] = 000506930176ebb3 : 1414603338083251
@@@ mem[  304] = 000016b700569b13 : 24975240502035
@@@ mem[  312] = fff586933406a583 : 18443795815756899715
@@@ mem[  320] = 00058693fad42e23 : 1555345010077219
@@@ mem[  328] = f8042a23f8d42823 : 17871455555299846179
@@@ mem[  336] = f9442b83f9042b03 : 17961529059678890755
@@@ mem[  344] = 01b6d693000b0693 : 123521966648526483
@@@ mem[  352] = 00551793000b8513 : 23951293148792083
@@@ mem[  360] = 000b069300f6e7b3 : 3103453189957555
@@@ mem[  368] = 000017b700569713 : 26074752128787
@@@ mem[  376] = fff787133407a783 : 18444359315466200963
@@@ mem[  384] = 00078713fae42c23 : 2118844720360483
@@@ mem[  392] = 00000d9300070d13 : 14925011815699
@@@ mem[  400] = 005d9a9301bd5713 : 26347129014146835
@@@ mem[  408] = 005d1a1301576ab3 : 26205841763297971
@@@ mem[  416] = 0027151300078713 : 11000695440770835
@@@ mem[  424] = 3407270300001737 : 3749008108647618359
@@@ mem[  432] = fad42a23fff70693 : 18074117538651244179
@@@ mem[  440] = 00068e1300078693 : 1845062116279955
@@@ mem[  448] = 0007069300000e93 : 1977553266937491
@@@ mem[  456] = 0000039300068313 : 3929895502611
@@@ mem[  464] = 03c386b3026e82b3 : 271208505970426547
@@@ mem[  472] = 026e02b300d286b3 : 175080403350226611
@@@ mem[  480] = 00028813026e38b3 : 712565179955379
@@@ mem[  488] = 00068893011686b3 : 1839014820087475
@@@ mem[  496] = 0058999301b85693 : 24938654618637971
@@@ mem[  504] = 005819130136e9b3 : 24797367365986739
@@@ mem[  512] = 3406a683000016b7 : 3748866821403449015
@@@ mem[  520] = fb042823fff68813 : 18087626138510067731
@@@ mem[  528] = 00080c1300068813 : 2265075558025235
@@@ mem[  536] = 01bc581300000c93 : 125071728287157395
@@@ mem[  544] = 01f86fb3005c9f93 : 141986202858069907
@@@ mem[  552] = fc042623005c1f13 : 18159681529236430611
@@@ mem[  560] = fc042223fc042423 : 18159677135412012067
@@@ mem[  568] = 0ec0006ffc042623 : 1062849993028937251
@@@ mem[  576] = 0c80006ffc042423 : 900720406443598883
@@@ mem[  584] = 0a40006ffc042223 : 738590819858260515
@@@ mem[  592] = fc84280300060893 : 18195712387834054803
@@@ mem[  600] = 0028181303088833 : 11285469002762291
@@@ mem[  608] = 010888b3fac42883 : 74459700439296131
@@@ mem[  616] = 00281813fcc42803 : 11285473192585219
@@@ mem[  624] = 0008288301088833 : 2296342936848435
@@@ mem[  632] = fcc4280300058313 : 18213726786343502611
@@@ mem[  640] = 0028181303030833 : 11285469002401843
@@@ mem[  648] = 01030333fa842303 : 72905540749239043
@@@ mem[  656] = 00281813fc442803 : 11285473184196611
@@@ mem[  664] = 0008280301030833 : 2295793180674099
@@@ mem[  672] = 0007031300078e13 : 1973704976731667
@@@ mem[  680] = fcc42303026e0e33 : 18213721288825769523
@@@ mem[  688] = 00231313026e0333 : 9872596550943539
@@@ mem[  696] = 006e0333fa442e03 : 30965769215159811
@@@ mem[  704] = 030888b300255e13 : 218574884310441491
@@@ mem[  712] = 030e0e33fc842803 : 220129048230373379
@@@ mem[  720] = 010e0833fc442803 : 76007263080556547
@@@ mem[  728] = 0103083300281813 : 72911034107041811
@@@ mem[  736] = fc44280301182023 : 18177697989342535715
@@@ mem[  744] = fd04222300180813 : 18231734725223385107
@@@ mem[  752] = 3408280300001837 : 3749290683135957047
@@@ mem[  760] = f508cae3fc442883 : 17656585419644741763
@@@ mem[  768] = 00180813fc842803 : 6764281374976003
@@@ mem[  776] = 00001837fd042423 : 26628747174947
@@@ mem[  784] = fc84288334082803 : 18195712938462423043
@@@ mem[  792] = fcc42803f308c8e3 : 18213726790420580579
@@@ mem[  800] = fd04262300180813 : 18231739123269896211
@@@ mem[  808] = 3408280300001837 : 3749290683135957047
@@@ mem[  816] = f108c6e3fcc42883 : 17368350645454907523
@@@ mem[  824] = 0ec0006ffc042623 : 1062849993028937251
@@@ mem[  832] = 0c80006ffc042423 : 900720406443598883
@@@ mem[  840] = 0a40006ffc042223 : 738590819858260515
@@@ mem[  848] = 0007061300078593 : 1977003511612819
@@@ mem[  856] = fc44260302c585b3 : 18177695790347421107
@@@ mem[  864] = 0026161302c58633 : 10720320021694003
@@@ mem[  872] = 00c585b3fa442583 : 55597578456409475
@@@ mem[  880] = fcc4260300255813 : 18213724587322333203
@@@ mem[  888] = fc84260302c80833 : 18195710188857067571
@@@ mem[  896] = 0026161300c80633 : 10720319988303411
@@@ mem[  904] = 0006258300c58633 : 1730094444152371
@@@ mem[  912] = fcc4260300068813 : 18213724587320313875
@@@ mem[  920] = 0026161302c80633 : 10720320021857843
@@@ mem[  928] = 00c80833fa042803 : 56304014673061891
@@@ mem[  936] = 00261613fc842603 : 10720324211713539
@@@ mem[  944] = 0006260300c80633 : 1730644200130099
@@@ mem[  952] = fcc4280300068893 : 18213726786343569555
@@@ mem[  960] = 0028181303088833 : 11285469002762291
@@@ mem[  968] = 01088833fa042883 : 74459150670899331
@@@ mem[  976] = fc84260300c585b3 : 18195710188823348659
@@@ mem[  984] = 00c8063300261613 : 56301811457725971
@@@ mem[  992] = fc44260300b62023 : 18177695790312857635
@@@ mem[ 1000] = fcc4222300160613 : 18213720326713771539
@@@ mem[ 1008] = 3406260300001637 : 3748725534159279671
@@@ mem[ 1016] = f4c5cae3fc442583 : 17637726596205127043
@@@ mem[ 1024] = 00160613fc842603 : 6199132398298627
@@@ mem[ 1032] = 00001637fcc42423 : 24429719725091
@@@ mem[ 1040] = fc84258334062603 : 18195709639927408131
@@@ mem[ 1048] = fcc42603f2c5c8e3 : 18213724591392934115
@@@ mem[ 1056] = fcc4262300160613 : 18213724724760282643
@@@ mem[ 1064] = 3406260300001637 : 3748725534159279671
@@@ mem[ 1072] = f0c5c6e3fcc42583 : 17349491822015292803
@@@ mem[ 1080] = 0000001300000013 : 81604378643
@@@ mem[ 1088] = 0681290306c12403 : 468700929198203907
@@@ mem[ 1096] = 06012a0306412983 : 432673231682480515
@@@ mem[ 1104] = 05812b0305c12a83 : 396645534166755971
@@@ mem[ 1112] = 05012c0305412b83 : 360617836651031427
@@@ mem[ 1120] = 04812d0304c12c83 : 324590139135306883
@@@ mem[ 1128] = 0701011304412d83 : 504685814429592963
@@@ mem[ 1136] = e501011300008067 : 16501471690778247271
@@@ mem[ 1144] = 1a8124231a112623 : 1909847450161587747
@@@ mem[ 1152] = 1b2120231a912223 : 1954879048397169187
@@@ mem[ 1160] = 19412c2319312e23 : 1819784253692522019
@@@ mem[ 1168] = 1961282319512a23 : 1828787054902848035
@@@ mem[ 1176] = 1981242319712623 : 1837789856113174051
@@@ mem[ 1184] = 19a1202319912223 : 1846792657323500067
@@@ mem[ 1192] = 1b01041317b12e23 : 1945840994049142307
@@@ mem[ 1200] = e4f4282300010793 : 16497855465754003347
@@@ mem[ 1208] = fa042c23fa042e23 : 18015572942418882083
@@@ mem[ 1216] = 000017b7fa042a23 : 26078941030947
@@@ mem[ 1224] = 000017b73407a283 : 26075619369603
@@@ mem[ 1232] = fff287933407a083 : 18442952490338459779
@@@ mem[ 1240] = 00028793faf42823 : 712019593668643
@@@ mem[ 1248] = 0000059300078513 : 6128918824211
@@@ mem[ 1256] = 0055969301b55793 : 24090931153426323
@@@ mem[ 1264] = 0055161300d7e6b3 : 23949643894744755
@@@ mem[ 1272] = 0027979300028793 : 11144181707868051
@@@ mem[ 1280] = fff08793e4f42a23 : 18442389543353330211
@@@ mem[ 1288] = 00028793faf42623 : 712019593668131
@@@ mem[ 1296] = 00000e9300078e13 : 16024523476499
@@@ mem[ 1304] = 0007881300008793 : 2119940022765459
@@@ mem[ 1312] = 030e873300000893 : 220262084900817043
@@@ mem[ 1320] = 00f7073303c887b3 : 69532234935732147
@@@ mem[ 1328] = 030e33b3030e07b3 : 220170275731146675
@@@ mem[ 1336] = 007707b300078313 : 33503987609600787
@@@ mem[ 1344] = 01b3579300078393 : 122537903741436819
@@@ mem[ 1352] = 01f7efb300539f93 : 141845465369124755
@@@ mem[ 1360] = 0002879300531f13 : 712015388811027
@@@ mem[ 1368] = 00000b9300078b13 : 12725988592403
@@@ mem[ 1376] = 00078a1300008793 : 2122139046021011
@@@ mem[ 1384] = 034b873300000a93 : 237432058480167571
@@@ mem[ 1392] = 00f70733036a87b3 : 69532234929571763
@@@ mem[ 1400] = 034b39b3034b07b3 : 237346846384261043
@@@ mem[ 1408] = 013707b300078913 : 87547183138048275
@@@ mem[ 1416] = 01b9579300078993 : 124226753601702291
@@@ mem[ 1424] = 0197ecb300599c93 : 114820569070410899
@@@ mem[ 1432] = 0002871300591c13 : 711465633389587
@@@ mem[ 1440] = 02f707b300008793 : 213647972703963027
@@@ mem[ 1448] = 00f7879300279793 : 69673384680069011
@@@ mem[ 1456] = 004797930047d793 : 20151380967151507
@@@ mem[ 1464] = 0001079340f10133 : 289804007833907
@@@ mem[ 1472] = 0027d79300378793 : 11214550455519123
@@@ mem[ 1480] = faf4242300279793 : 18083118136544434067
@@@ mem[ 1488] = 3407a683000017b7 : 3749148296380159927
@@@ mem[ 1496] = 3407a603000017b7 : 3749147746624346039
@@@ mem[ 1504] = faf42223fff68793 : 18083115941812930451
@@@ mem[ 1512] = eef4242300068793 : 17218427008087132051
@@@ mem[ 1520] = ee842503ee042623 : 17186902776761034275
@@@ mem[ 1528] = 00050793eec42583 : 1415706830972291
@@@ mem[ 1536] = 0005871301b7d793 : 1555890586507155
@@@ mem[ 1544] = f2e42e2300571713 : 17502164779733030675
@@@ mem[ 1552] = 00e7e7b3f3c42703 : 65275479695042307
@@@ mem[ 1560] = 00050793f2f42e23 : 1415706901229091
@@@ mem[ 1568] = f2f42c2300579793 : 17506666180337178515
@@@ mem[ 1576] = 0027991300068793 : 11145830975571859
@@@ mem[ 1584] = faf42023fff60793 : 18083113742789642131
@@@ mem[ 1592] = eef4202300068793 : 17218422610040620947
@@@ mem[ 1600] = 00060793ee042223 : 1697181795099171
@@@ mem[ 1608] = ec042e23ecf42c23 : 17006768824691993635
@@@ mem[ 1616] = ee442803ee042783 : 17168891676786435971
@@@ mem[ 1624] = ed84250300080713 : 17114845178730383123
@@@ mem[ 1632] = 00050893edc42583 : 1416806325822851
@@@ mem[ 1640] = 0005831303170733 : 1551492563011379
@@@ mem[ 1648] = 0007881300080893 : 2119940023257235
@@@ mem[ 1656] = 02f307b300080793 : 212522072797611923
@@@ mem[ 1664] = 0008079300f70733 : 2260127771461427
@@@ mem[ 1672] = 026787b300050313 : 173256313546277651
@@@ mem[ 1680] = 02b83db300050593 : 195974422799386003
@@@ mem[ 1688] = 01b707b300078d13 : 123575980157013267
@@@ mem[ 1696] = 01bd579300078d93 : 125352653508545939
@@@ mem[ 1704] = f2e42a23005d9713 : 17502160381686945555
@@@ mem[ 1712] = 00e7e7b3f3442703 : 65275479686653699
@@@ mem[ 1720] = 005d1793f2f42a23 : 26203097037810211
@@@ mem[ 1728] = 00068793f2f42823 : 1837919366293539
@@@ mem[ 1736] = ec042a23ecf42823 : 17006764426645481507
@@@ mem[ 1744] = ecf4242300060793 : 17074311820011243411
@@@ mem[ 1752] = ed042783ec042623 : 17078819134449657379
@@@ mem[ 1760] = 00080713ed442803 : 2259581980125187
@@@ mem[ 1768] = ecc42583ec842503 : 17060802536925308163
@@@ mem[ 1776] = 0317073300050893 : 222654622203185299
@@@ mem[ 1784] = 0008089300058313 : 2261227267261203
@@@ mem[ 1792] = 0008079300078813 : 2260127755765779
@@@ mem[ 1800] = 00f7073302f307b3 : 69532234921740211
@@@ mem[ 1808] = 0005031300080793 : 1410755023341459
@@@ mem[ 1816] = 00050593026787b3 : 1413503842224051
@@@ mem[ 1824] = f6b42e2302b835b3 : 17776884357042550195
@@@ mem[ 1832] = f7c42783f6f42c23 : 17853438270540885027
@@@ mem[ 1840] = f6f42e2300f707b3 : 17794898755522594739
@@@ mem[ 1848] = f7c42583f7842503 : 17853436071527064835
@@@ mem[ 1856] = 01b7d79300050793 : 123804541136471955
@@@ mem[ 1864] = 0057171300058713 : 24513693346006803
@@@ mem[ 1872] = f2c42703f2e42623 : 17493149750527272483
@@@ mem[ 1880] = f2f4262300e7e7b3 : 17506659583276869555
@@@ mem[ 1888] = 0057979300050793 : 24654980590143379
@@@ mem[ 1896] = 00068713f2f42423 : 1837369610478627
@@@ mem[ 1904] = 02f707b300060793 : 213647972704323475
@@@ mem[ 1912] = 00f7879300279793 : 69673384680069011
@@@ mem[ 1920] = 004797930047d793 : 20151380967151507
@@@ mem[ 1928] = 0001079340f10133 : 289804007833907
@@@ mem[ 1936] = 0027d79300378793 : 11214550455519123
@@@ mem[ 1944] = f8f42e2300279793 : 17939013943584855955
@@@ mem[ 1952] = 3407a683000017b7 : 3749148296380159927
@@@ mem[ 1960] = 3407a603000017b7 : 3749147746624346039
@@@ mem[ 1968] = f8f42c23fff68793 : 17939011748853352339
@@@ mem[ 1976] = ecf4202300068793 : 17074307421964765075
@@@ mem[ 1984] = ec042503ec042223 : 17006758791632658979
@@@ mem[ 1992] = 00050793ec442583 : 1415706789029251
@@@ mem[ 2000] = 0005871301b7d793 : 1555890586507155
@@@ mem[ 2008] = f2e4222300571713 : 17502151585593497363
@@@ mem[ 2016] = 00e7e7b3f2442703 : 65275479669876483
@@@ mem[ 2024] = 00050793f2f42223 : 1415706901226019
@@@ mem[ 2032] = f2f4202300579793 : 17506652986197645203
@@@ mem[ 2040] = 0027949300068793 : 11140883173246867
@@@ mem[ 2048] = f8f42a23fff60793 : 17939009549830064019
@@@ mem[ 2056] = eaf42c2300068793 : 16930205428028442515
@@@ mem[ 2064] = 00060793ea042e23 : 1697181727993379
@@@ mem[ 2072] = ea042a23eaf42823 : 16862649238536071203
@@@ mem[ 2080] = ebc42803eb842783 : 16988747691649673091
@@@ mem[ 2088] = eb04250300080713 : 16934701193635563283
@@@ mem[ 2096] = 00050893eb442583 : 1416806283879811
@@@ mem[ 2104] = 0005831303170733 : 1551492563011379
@@@ mem[ 2112] = 0007881300080893 : 2119940023257235
@@@ mem[ 2120] = 02f307b300080793 : 212522072797611923
@@@ mem[ 2128] = 0008079300f70733 : 2260127771461427
@@@ mem[ 2136] = 026787b300050313 : 173256313546277651
@@@ mem[ 2144] = 02b835b300050593 : 195965626706363795
@@@ mem[ 2152] = f6f42823f6b42a23 : 17794892162575641123
@@@ mem[ 2160] = 00f707b3f7442783 : 69532788776511363
@@@ mem[ 2168] = f7042503f6f42a23 : 17799392326233369123
@@@ mem[ 2176] = 00050793f7442583 : 1415706973578627
@@@ mem[ 2184] = 0005871301b7d793 : 1555890586507155
@@@ mem[ 2192] = f0e42e2300571713 : 17358049591657174803
@@@ mem[ 2200] = 00e7e7b3f1c42703 : 65275479661487875
@@@ mem[ 2208] = 00050793f0f42e23 : 1415706867674659
@@@ mem[ 2216] = f0f42c2300579793 : 17362550992261322643
@@@ mem[ 2224] = eaf4242300068793 : 16930196631935420307
@@@ mem[ 2232] = 00060793ea042623 : 1697181727991331
@@@ mem[ 2240] = ea042223eaf42023 : 16862640442443046947
@@@ mem[ 2248] = eac42803ea842783 : 16916690097594967939
@@@ mem[ 2256] = ea04250300080713 : 16862643599597635347
@@@ mem[ 2264] = 00050893ea442583 : 1416806267102595
@@@ mem[ 2272] = 0005831303170733 : 1551492563011379
@@@ mem[ 2280] = 0007881300080893 : 2119940023257235
@@@ mem[ 2288] = 02f307b300080793 : 212522072797611923
@@@ mem[ 2296] = 0008079300f70733 : 2260127771461427
@@@ mem[ 2304] = 026787b300050313 : 173256313546277651
@@@ mem[ 2312] = 02b835b300050593 : 195965626706363795
@@@ mem[ 2320] = f6f42423f6b42623 : 17794887764529128995
@@@ mem[ 2328] = 00f707b3f6c42783 : 69532788768122755
@@@ mem[ 2336] = f6842503f6f42623 : 17763363529214404131
@@@ mem[ 2344] = 00050793f6c42583 : 1415706965190019
@@@ mem[ 2352] = 0005871301b7d793 : 1555890586507155
@@@ mem[ 2360] = f0e42a2300571713 : 17358045193610663699
@@@ mem[ 2368] = 00e7e7b3f1442703 : 65275479653099267
@@@ mem[ 2376] = 00050793f0f42a23 : 1415706867673635
@@@ mem[ 2384] = f0f4282300579793 : 17362546594214811539
@@@ mem[ 2392] = 0006079300068713 : 1697177802278675
@@@ mem[ 2400] = 0027979302f707b3 : 11144181757446067
@@@ mem[ 2408] = 0047d79300f78793 : 20221749722843027
@@@ mem[ 2416] = 40f1013300479793 : 4679522806374307731
@@@ mem[ 2424] = 0037879300010793 : 15630189149095827
@@@ mem[ 2432] = 002797930027d793 : 11144181710313363
@@@ mem[ 2440] = 000017b7f8f42823 : 26078923204643
@@@ mem[ 2448] = 000017b73407a683 : 26075619370627
@@@ mem[ 2456] = 000017b73407a603 : 26075619370499
@@@ mem[ 2464] = fff687933407a583 : 18444078390245303683
@@@ mem[ 2472] = 00068793f8f42623 : 1837919466956323
@@@ mem[ 2480] = e8042e23e8f42c23 : 16718538448473173027
@@@ mem[ 2488] = e9c42883e9842803 : 16844633053296076803
@@@ mem[ 2496] = 01b7d79300080793 : 123804541136668563
@@@ mem[ 2504] = 0057171300088713 : 24513693346203411
@@@ mem[ 2512] = f0c42703f0e42623 : 17349034562417862179
@@@ mem[ 2520] = f0f4262300e7e7b3 : 17362544395201013683
@@@ mem[ 2528] = 0057979300080793 : 24654980590339987
@@@ mem[ 2536] = fff60793f0f42423 : 18443937655926563875
@@@ mem[ 2544] = 00068793f8f42423 : 1837919466955811
@@@ mem[ 2552] = e8042a23e8f42823 : 16718534050426660899
@@@ mem[ 2560] = e8f4242300060793 : 16786081443859531667
@@@ mem[ 2568] = e9042303e8042623 : 16790583810428511779
@@@ mem[ 2576] = 00038793e9442383 : 993494273631107
@@@ mem[ 2584] = e8c42883e8842803 : 16772575459241371651
@@@ mem[ 2592] = 02e7873300080713 : 209284560809625363
@@@ mem[ 2600] = 0003051300088793 : 850004093208467
@@@ mem[ 2608] = 00f7073302a787b3 : 69532234916792243
@@@ mem[ 2616] = 0008051300030793 : 2257378976401299
@@@ mem[ 2624] = 0003051302a787b3 : 850004137183155
@@@ mem[ 2632] = f6a4222303053533 : 17772367563280692531
@@@ mem[ 2640] = f6442783f6f42023 : 17745351879483990051
@@@ mem[ 2648] = f6f4222300f707b3 : 17794885561383061427
@@@ mem[ 2656] = f6442883f6042803 : 17745352978979891203
@@@ mem[ 2664] = 01b7d79300080793 : 123804541136668563
@@@ mem[ 2672] = 0057171300088713 : 24513693346203411
@@@ mem[ 2680] = f0442703f0e42223 : 17313005765398897187
@@@ mem[ 2688] = f0f4222300e7e7b3 : 17362539997154502579
@@@ mem[ 2696] = 0057979300080793 : 24654980590339987
@@@ mem[ 2704] = fff58793f0f42023 : 18443796918438207523
@@@ mem[ 2712] = 00068793f8f42223 : 1837919466955299
@@@ mem[ 2720] = e8042223e8f42023 : 16718525254333636643
@@@ mem[ 2728] = e6f42c2300060793 : 16641975051876698003
@@@ mem[ 2736] = e8042303e6042e23 : 16718526216357031459
@@@ mem[ 2744] = 00038793e8442383 : 993494256853891
@@@ mem[ 2752] = e7c42883e7842803 : 16700517865186666499
@@@ mem[ 2760] = 02e7873300080713 : 209284560809625363
@@@ mem[ 2768] = 0003051300088793 : 850004093208467
@@@ mem[ 2776] = 00f7073302a787b3 : 69532234916792243
@@@ mem[ 2784] = 0008051300030793 : 2257378976401299
@@@ mem[ 2792] = 0003051302a787b3 : 850004137183155
@@@ mem[ 2800] = f4a42e2303053533 : 17628265569344369971
@@@ mem[ 2808] = f5c42783f4f42c23 : 17709323082431474723
@@@ mem[ 2816] = f4f42e2300f707b3 : 17650783567446738867
@@@ mem[ 2824] = e6f4282300058793 : 16641970653830154131
@@@ mem[ 2832] = f5842303e6042a23 : 17691303735869057571
@@@ mem[ 2840] = 00038793f5c42383 : 993494483346307
@@@ mem[ 2848] = e7442883e7042803 : 16664489068159313923
@@@ mem[ 2856] = 02e7873300080713 : 209284560809625363
@@@ mem[ 2864] = 0003051300088793 : 850004093208467
@@@ mem[ 2872] = 00f707b302a787b3 : 69532784672606131
@@@ mem[ 2880] = 0008051300030713 : 2257378976401171
@@@ mem[ 2888] = 0003051302a70733 : 850004137150259
@@@ mem[ 2896] = f4a42a2303053533 : 17628261171297858867
@@@ mem[ 2904] = f5442703f4e42823 : 17673293735655647267
@@@ mem[ 2912] = f4f42a2300e787b3 : 17650779169399211955
@@@ mem[ 2920] = f5442883f5042803 : 17673295384925186051
@@@ mem[ 2928] = 01b7d79300080793 : 123804541136668563
@@@ mem[ 2936] = 0057171300088713 : 24513693346203411
@@@ mem[ 2944] = efc42703eee42e23 : 17276976968346381859
@@@ mem[ 2952] = eef42e2300e7e7b3 : 17218438003218180019
@@@ mem[ 2960] = 0057979300080793 : 24654980590339987
@@@ mem[ 2968] = 00068793eef42c23 : 1837919299185699
@@@ mem[ 2976] = e6042623e6f42423 : 16574414464270738467
@@@ mem[ 2984] = e6f4202300060793 : 16641961857737164691
@@@ mem[ 2992] = e6842303e6042223 : 16610439825300136483
@@@ mem[ 3000] = 00038793e6c42383 : 993494231688067
@@@ mem[ 3008] = e6442883e6042803 : 16592431474104608771
@@@ mem[ 3016] = 02e7873300080713 : 209284560809625363
@@@ mem[ 3024] = 0003051300088793 : 850004093208467
@@@ mem[ 3032] = 00f707b302a787b3 : 69532784672606131
@@@ mem[ 3040] = 0008051300030713 : 2257378976401171
@@@ mem[ 3048] = 0003051302a70733 : 850004137150259
@@@ mem[ 3056] = f4a4262303053533 : 17628256773251347763
@@@ mem[ 3064] = f4c42703f4e42423 : 17637264938636682275
@@@ mem[ 3072] = f4f4262300e787b3 : 17650774771352700851
@@@ mem[ 3080] = e4f42c2300058793 : 16497859863800809363
@@@ mem[ 3088] = f4842303e4042e23 : 17619246141797576227
@@@ mem[ 3096] = 00038793f4c42383 : 993494466569091
@@@ mem[ 3104] = e5c42883e5842803 : 16556402677077256195
@@@ mem[ 3112] = 02e7873300080713 : 209284560809625363
@@@ mem[ 3120] = 0003051300088793 : 850004093208467
@@@ mem[ 3128] = 00f707b302a787b3 : 69532784672606131
@@@ mem[ 3136] = 0008051300030713 : 2257378976401171
@@@ mem[ 3144] = 0003051302a70733 : 850004137150259
@@@ mem[ 3152] = f4a4222303053533 : 17628252375204836659
@@@ mem[ 3160] = f4442703f4e42023 : 17601236141617717283
@@@ mem[ 3168] = f4f4222300e787b3 : 17650770373306189747
@@@ mem[ 3176] = f4442883f4042803 : 17601237790870480899
@@@ mem[ 3184] = 01b7d79300080793 : 123804541136668563
@@@ mem[ 3192] = 0057171300088713 : 24513693346203411
@@@ mem[ 3200] = ef442703eee42a23 : 17240948171327416867
@@@ mem[ 3208] = eef42a2300e7e7b3 : 17218433605171668915
@@@ mem[ 3216] = 0057979300080793 : 24654980590339987
@@@ mem[ 3224] = 00068713eef42823 : 1837369543370787
@@@ mem[ 3232] = 02f707b300060793 : 213647972704323475
@@@ mem[ 3240] = 02e787b300058713 : 209285110565275411
@@@ mem[ 3248] = 00f7879300279793 : 69673384680069011
@@@ mem[ 3256] = 004797930047d793 : 20151380967151507
@@@ mem[ 3264] = 0001079340f10133 : 289804007833907
@@@ mem[ 3272] = 0027d79300378793 : 11214550455519123
@@@ mem[ 3280] = f8f4202300279793 : 17938998550422067091
@@@ mem[ 3288] = 0d40006ffa042e23 : 954763601938492963
@@@ mem[ 3296] = 0b00006ffa042c23 : 792634015353154595
@@@ mem[ 3304] = 14e080e700000097 : 1504344005167546519
@@@ mem[ 3312] = e544278300050713 : 16520372776696350483
@@@ mem[ 3320] = 000107b70027d613 : 289957539730963
@@@ mem[ 3328] = 00f77733fff78793 : 69655384468981651
@@@ mem[ 3336] = fbc42783fa842683 : 18141668646752364163
@@@ mem[ 3344] = fb84278302f60633 : 18123654244089595443
@@@ mem[ 3352] = 0027979300f607b3 : 11144181723826099
@@@ mem[ 3360] = 00e7a02300f687b3 : 65196791820617651
@@@ mem[ 3368] = 10e080e700000097 : 1216113629015834775
@@@ mem[ 3376] = 0029561300050713 : 11635113649833747
@@@ mem[ 3384] = fff78793000107b7 : 18444359864349165495
@@@ mem[ 3392] = f9c4268300f77733 : 17997552354978133811
@@@ mem[ 3400] = 02f60633fbc42783 : 213364852683712387
@@@ mem[ 3408] = 00f607b3fb842783 : 69251313871103875
@@@ mem[ 3416] = 00f687b300279793 : 69392047142311827
@@@ mem[ 3424] = 0024d69300e7a023 : 10369026025300003
@@@ mem[ 3432] = fbc42783f9042703 : 18141668646727198467
@@@ mem[ 3440] = fb84278302f686b3 : 18123654244089628339
@@@ mem[ 3448] = 0027979300f687b3 : 11144181723858867
@@@ mem[ 3456] = 0007a02300f707b3 : 2146397037463475
@@@ mem[ 3464] = 00178793fb842783 : 6622994114029443
@@@ mem[ 3472] = 000017b7faf42c23 : 26078956760099
@@@ mem[ 3480] = fb8427033407a783 : 18123653695157020547
@@@ mem[ 3488] = fbc42783f4f744e3 : 18141668646659245283
@@@ mem[ 3496] = faf42e2300178793 : 18083129131659659155
@@@ mem[ 3504] = 3407a783000017b7 : 3749149395891787703
@@@ mem[ 3512] = f2f742e3fbc42703 : 17507535623375038211
@@@ mem[ 3520] = f8042603f9042683 : 17871451019817526915
@@@ mem[ 3528] = fa842503f9c42583 : 18051593905413301635
@@@ mem[ 3536] = 2e0080e7fffff097 : 3314791059665449111
@@@ mem[ 3544] = e504210300000793 : 16502351231360960403
@@@ mem[ 3552] = e504011300078513 : 16502316115708839187
@@@ mem[ 3560] = 1a8124031ac12083 : 1909847312734167171
@@@ mem[ 3568] = 1a0129031a412483 : 1873824013264954499
@@@ mem[ 3576] = 19812a0319c12983 : 1837796315749230979
@@@ mem[ 3584] = 19012b0319412a83 : 1801768618233506435
@@@ mem[ 3592] = 18812c0318c12b83 : 1765740920717781891
@@@ mem[ 3600] = 18012d0318412c83 : 1729713223202057347
@@@ mem[ 3608] = 1b01011317c12d83 : 1945837695515307395
@@@ mem[ 3616] = 000017b700008067 : 26074746486887
@@@ mem[ 3624] = 0aa7a4233447a783 : 767762732597880707
@@@ mem[ 3632] = 17b780820a07a623 : 1708975879612769827
@@@ mem[ 3640] = 85b73447a8030000 : 9635227410148556800
@@@ mem[ 3648] = 2683f2d585934c95 : 2775328794273336469
@@@ mem[ 3656] = 87b30ac827030a88 : 9778171070715726472
@@@ mem[ 3664] = 37b30017861302b6 : 4013551793950884534
@@@ mem[ 3672] = f6370ac8242300f6 : 17741661111765369078
@@@ mem[ 3680] = 863342d606135851 : 9670146311886952529
@@@ mem[ 3688] = b6b302b7073302c6 : 13164869120857146054
@@@ mem[ 3696] = 97ba9736973202b6 : 10933217306115965622
@@@ mem[ 3704] = 0af8262300179513 : 790423666370778387
@@@ mem[ 3712] = 0000000080828105 : 2156036357
@@@
@@@ mem[ 3808] = 0000000000000f00 : 3840
@@@
@@@ mem[ 3840] = 000011ec00000000 : 19705309954048
@@@ mem[ 3848] = 000012bc00001254 : 20598663156308
@@@
@@@ mem[ 4008] = 0000000000000001 : 1
@@@ mem[ 4016] = e66d1234abcd330e : 16603947418614838030
@@@ mem[ 4024] = 0000000b0005deec : 47245025004
@@@
@@@ mem[ 4928] = 00000f0000000010 : 16492674416656
@@@
@@@ mem[65104] = 000000400000fe50 : 274877972048
@@@ mem[65112] = 0000000000000010 : 16
@@@ mem[65120] = 0000000000000010 : 16
@@@ mem[65128] = 0000000000000010 : 16
@@@ mem[65136] = 0000000000000010 : 16
@@@ mem[65144] = 0000000000000010 : 16
@@@ mem[65152] = 0000000000000010 : 16
@@@ mem[65160] = 0000000000000010 : 16
@@@ mem[65168] = 0000000000000010 : 16
@@@ mem[65176] = 0000000000000010 : 16
@@@ mem[65184] = 0000000000000010 : 16
@@@ mem[65192] = 0000000000000010 : 16
@@@ mem[65200] = 0000000000000010 : 16
@@@ mem[65208] = 0000000000000010 : 16
@@@ mem[65216] = 0000000000000010 : 16
@@@ mem[65224] = 0000000000000010 : 16
@@@ mem[65232] = 0000000000000010 : 16
@@@ mem[65240] = 0000000000000010 : 16
@@@ mem[65248] = 0000000000000010 : 16
@@@ mem[65256] = 0000000000000010 : 16
@@@ mem[65264] = 0000000000020000 : 131072
@@@ mem[65272] = 0000000000020000 : 131072
@@@ mem[65280] = 0000000000002000 : 8192
@@@ mem[65288] = 0000000000000200 : 512
@@@ mem[65296] = 0000000000002000 : 8192
@@@ mem[65304] = 0000000000002000 : 8192
@@@ mem[65312] = 0000000000000200 : 512
@@@ mem[65320] = 0000000000002000 : 8192
@@@ mem[65328] = 0000000000002000 : 8192
@@@ mem[65336] = 0000000000000200 : 512
@@@ mem[65344] = 0000000000001000 : 4096
@@@ mem[65352] = 0000000000000100 : 256
@@@ mem[65360] = 0000000000001000 : 4096
@@@ mem[65368] = 0000000000000100 : 256
@@@ mem[65376] = 0000000000000100 : 256
@@@ mem[65384] = 0000000000000100 : 256
@@@ mem[65392] = 0000000000000100 : 256
@@@ mem[65400] = 0000000000000100 : 256
@@@ mem[65408] = 0000000f0000b250 : 64424555088
@@@ mem[65416] = 0000000f0000000f : 64424509455
@@@ mem[65424] = 0000000f0000f250 : 64424571472
@@@ mem[65432] = 0000f6500000000f : 270823457816591
@@@ mem[65440] = 0000000f0000000f : 64424509455
@@@ mem[65448] = 0000000f0000fa50 : 64424573520
@@@ mem[65456] = 000000000000000f : 15
@@@
@@@ mem[65528] = 0000009000010000 : 618475356160
@@@
@@@ System halted on illegal instruction
@@@
