Loading memory file: output/basic_malloc.hex
Using writeback output file: output/basic_malloc.wb
Using pipeline output file: output/basic_malloc.ppln
@@
@@
@@                     0  Asserting System reset......
@@
@@                   100 : System STILL at reset, can't show anything
@@
@@
@@                   200 : System STILL at reset, can't show anything
@@
@@
@@                   300 : System STILL at reset, can't show anything
@@
@@                   360  Deasserting System reset......
@@
@@
@@@ Unified Memory contents hex on left, decimal on right: 
@@@
@@@ mem[    0] = 0000009700000013 : 648540061715
@@@ mem[    8] = 0001011708c08093 : 282673419419795
@@@ mem[   16] = 00010413ff410113 : 285958910050579
@@@ mem[   24] = e881819300001197 : 16753814557155135895
@@@ mem[   32] = 0000029300000213 : 2830383448595
@@@ mem[   40] = 0000039300000313 : 3929895076627
@@@ mem[   48] = 0000051300000493 : 5579162518675
@@@ mem[   56] = 0000061300000593 : 6678674146707
@@@ mem[   64] = 0000071300000693 : 7778185774739
@@@ mem[   72] = 0000081300000793 : 8877697402771
@@@ mem[   80] = 0000091300000893 : 9977209030803
@@@ mem[   88] = 00000a1300000993 : 11076720658835
@@@ mem[   96] = 00000b1300000a93 : 12176232286867
@@@ mem[  104] = 00000c1300000b93 : 13275743914899
@@@ mem[  112] = 00000d1300000c93 : 14375255542931
@@@ mem[  120] = 00000e1300000d93 : 15474767170963
@@@ mem[  128] = 00000f1300000e93 : 16574278798995
@@@ mem[  136] = 4440006f00000f93 : 4917931269829955475
@@@ mem[  144] = f701011300010117 : 17798508383460983063
@@@ mem[  152] = 00000013fea12c23 : 85876354083
@@@ mem[  160] = 0000001310500073 : 81878057075
@@@ mem[  168] = 0000001300000013 : 81604378643
@@@ mem[  176] = 02112623fd010113 : 148942198690349331
@@@ mem[  184] = 0301041302812423 : 216458736783402019
@@@ mem[  192] = fdc42703fca42e23 : 18285783285108059683
@@@ mem[  200] = 6e078793000007b7 : 7928454734438991799
@@@ mem[  208] = 000047b700f76a63 : 78851320801891
@@@ mem[  216] = fdc427036e078793 : 18285783282715428755
@@@ mem[  224] = 0010051300e7f863 : 4509178805090403
@@@ mem[  232] = fa8080e700000097 : 18050569036126748823
@@@ mem[  240] = ff878793fdc42783 : 18412834671214995331
@@@ mem[  248] = 000047b7fef42423 : 78855582000163
@@@ mem[  256] = fef426236e87a783 : 18371350713571190659
@@@ mem[  264] = fec4278303c0006f : 18357841424726098031
@@@ mem[  272] = fec427030007a783 : 18357840874907871107
@@@ mem[  280] = fe84270302f76063 : 18339826476447653987
@@@ mem[  288] = 02e7ee63fec42783 : 209398020939458435
@@@ mem[  296] = 0007a783fec42783 : 2154510193796995
@@@ mem[  304] = 02f76663fe842703 : 213752086981256963
@@@ mem[  312] = 0007a783fec42783 : 2154510193796995
@@@ mem[  320] = fe842703fef42623 : 18339826480675300899
@@@ mem[  328] = fce7f0e3fec42783 : 18223799279200511875
@@@ mem[  336] = 0007a783fec42783 : 2154510193796995
@@@ mem[  344] = faf778e3fe842703 : 18084055749352498947
@@@ mem[  352] = 0047a783fe842783 : 20168908699084675
@@@ mem[  360] = fe84270300379793 : 18339826476401530771
@@@ mem[  368] = fec4278300f70733 : 18357841424679372595
@@@ mem[  376] = 02f71e630007a783 : 213672917874485123
@@@ mem[  384] = 0047a703fe842783 : 20168358943270787
@@@ mem[  392] = 0007a783fec42783 : 2154510193796995
@@@ mem[  400] = 00f707330047a783 : 69532234876954499
@@@ mem[  408] = 00e7a223fe842783 : 65198995097790339
@@@ mem[  416] = 0007a783fec42783 : 2154510193796995
@@@ mem[  424] = fe8427830007a703 : 18339827026154202883
@@@ mem[  432] = 0140006f00e7a023 : 90072469303959587
@@@ mem[  440] = 0007a703fec42783 : 2153960437983107
@@@ mem[  448] = 00e7a023fe842783 : 65196796074534787
@@@ mem[  456] = 0047a783fec42783 : 20168908703278979
@@@ mem[  464] = fec4270300379793 : 18357840874911012755
@@@ mem[  472] = fe84270300f707b3 : 18339826476414076851
@@@ mem[  480] = fec4278302f71a63 : 18357841424712931939
@@@ mem[  488] = fe8427830047a703 : 18339827026158397187
@@@ mem[  496] = 00f707330047a783 : 69532234876954499
@@@ mem[  504] = 00e7a223fec42783 : 65198995101984643
@@@ mem[  512] = 0007a703fe842783 : 2153960433788803
@@@ mem[  520] = 00e7a023fec42783 : 65196796078729091
@@@ mem[  528] = fec427830100006f : 18357841424679960687
@@@ mem[  536] = 00e7a023fe842703 : 65196796074534659
@@@ mem[  544] = fec42703000047b7 : 18357840874907387831
@@@ mem[  552] = 000000136ee7a423 : 83465053219
@@@ mem[  560] = 0281240302c12083 : 180465055421243523
@@@ mem[  568] = 0000806703010113 : 141179920384275
@@@ mem[  576] = 02112623fd010113 : 148942198690349331
@@@ mem[  584] = 0301041302812423 : 216458736783402019
@@@ mem[  592] = 000007b7fca42e23 : 8486799027747
@@@ mem[  600] = fdc427036c47a783 : 18285783282686076803
@@@ mem[  608] = 0000079300e7f663 : 8327956788835
@@@ mem[  616] = 000007b70700006f : 8482677850223
@@@ mem[  624] = fef426236c07a783 : 18371350713529247619
@@@ mem[  632] = 6c07a703000007b7 : 7784374112259934135
@@@ mem[  640] = 00f70733fdc42783 : 69532239129749379
@@@ mem[  648] = 6ce7a023000007b7 : 7847416947900680119
@@@ mem[  656] = 6c47a703000007b7 : 7802388510769416119
@@@ mem[  664] = 40f70733fdc42783 : 4681218257557137283
@@@ mem[  672] = 6ce7a223000007b7 : 7847419146923935671
@@@ mem[  680] = ff878713fdc42783 : 18412834121459181443
@@@ mem[  688] = 00e7a223fec42783 : 65198995101984643
@@@ mem[  696] = 00878793fec42783 : 38148191560148867
@@@ mem[  704] = fec42503fef42623 : 18357838680161527331
@@@ mem[  712] = de8080e700000097 : 16032956403064766615
@@@ mem[  720] = 6e87a783000047b7 : 7964518647110584247
@@@ mem[  728] = 02c1208300078513 : 198475605594309907
@@@ mem[  736] = 0301011302812403 : 216455438248518659
@@@ mem[  744] = fd01011300008067 : 18230853947688517735
@@@ mem[  752] = 0281242302112623 : 180465192848664099
@@@ mem[  760] = fca42e2303010413 : 18204726321647518739
@@@ mem[  768] = 000047b7fdc42703 : 78855562077955
@@@ mem[  776] = 0000079300e7f663 : 8327956788835
@@@ mem[  784] = fdc4278315c0006f : 18285783830990159983
@@@ mem[  792] = 00078a630037f793 : 2122482647037843
@@@ mem[  800] = ffc7f793fdc42783 : 18430972215026788227
@@@ mem[  808] = fcf42e2300478793 : 18227244319738660755
@@@ mem[  816] = 00878793fdc42783 : 38148191543371651
@@@ mem[  824] = 000047b7fef42223 : 78855581999651
@@@ mem[  832] = fef424236e87a783 : 18371348514547935107
@@@ mem[  840] = 02079e63fe842783 : 146259665221855107
@@@ mem[  848] = 6e078793000047b7 : 7928454734439008183
@@@ mem[  856] = 000047b7fef42423 : 78855582000163
@@@ mem[  864] = 6ee7a423fe842703 : 7991536538293118723
@@@ mem[  872] = 6e87a703000047b7 : 7964518097354770359
@@@ mem[  880] = 6e078793000047b7 : 7928454734439008183
@@@ mem[  888] = 000047b700e7a023 : 78851319767075
@@@ mem[  896] = 0007a2236e078793 : 2148597890516883
@@@ mem[  904] = 0007a783fe842783 : 2154510189602691
@@@ mem[  912] = fec42783fef42623 : 18357841428940596771
@@@ mem[  920] = fdc427030047a783 : 18285783280874137475
@@@ mem[  928] = fec4278308e7e263 : 18357841424812597859
@@@ mem[  936] = fdc427030047a783 : 18285783280874137475
@@@ mem[  944] = fec4278300f71c63 : 18357841424679378019
@@@ mem[  952] = fe8427830007a703 : 18339827026154202883
@@@ mem[  960] = 0400006f00e7a023 : 288230852908261411
@@@ mem[  968] = 0047a703fec42783 : 20168358947465091
@@@ mem[  976] = 40f70733fe442783 : 4681218257565525891
@@@ mem[  984] = 00e7a223fec42783 : 65198995101984643
@@@ mem[  992] = 0047a783fec42783 : 20168908703278979
@@@ mem[ 1000] = fec4270300379793 : 18357840874911012755
@@@ mem[ 1008] = fef4262300f707b3 : 18371350711732996019
@@@ mem[ 1016] = fdc42703fec42783 : 18285783285143709571
@@@ mem[ 1024] = 000047b700e7a223 : 78851319767587
@@@ mem[ 1032] = 6ee7a423fe842703 : 7991536538293118723
@@@ mem[ 1040] = 00878793fec42783 : 38148191560148867
@@@ mem[ 1048] = fec42783fef42623 : 18357841428940596771
@@@ mem[ 1056] = 000047b704c0006f : 78851384279151
@@@ mem[ 1064] = fec427036e87a783 : 18357840876761753475
@@@ mem[ 1072] = fe44250302f71263 : 18321809878914896483
@@@ mem[ 1080] = e08080e700000097 : 16177071591140622487
@@@ mem[ 1088] = fec42783fea42623 : 18357841428935353891
@@@ mem[ 1096] = 0000079300079663 : 8327942084195
@@@ mem[ 1104] = fec4278301c0006f : 18357841424692543599
@@@ mem[ 1112] = fec42783fef42423 : 18357841428940596259
@@@ mem[ 1120] = fef426230007a783 : 18371350711717308291
@@@ mem[ 1128] = 00078513f2dff06f : 2116645562609775
@@@ mem[ 1136] = 0281240302c12083 : 180465055421243523
@@@ mem[ 1144] = 0000806703010113 : 141179920384275
@@@ mem[ 1152] = 02112623fd010113 : 148942198690349331
@@@ mem[ 1160] = 0301041302812423 : 216458736783402019
@@@ mem[ 1168] = fdc42503fca42e23 : 18285781086084804131
@@@ mem[ 1176] = e54080e700000097 : 16519345162820780183
@@@ mem[ 1184] = fdc42603fea42623 : 18285782185629984291
@@@ mem[ 1192] = fec4250300000593 : 18357838675884115347
@@@ mem[ 1200] = 124080e700000097 : 1315192820817985687
@@@ mem[ 1208] = 00078513fec42783 : 2116645762115459
@@@ mem[ 1216] = 0281240302c12083 : 180465055421243523
@@@ mem[ 1224] = 0000806703010113 : 141179920384275
@@@ mem[ 1232] = 00112e23fe010113 : 4835806724292883
@@@ mem[ 1240] = 0201041300812c23 : 144401142711921699
@@@ mem[ 1248] = 0000009701000513 : 648556840211
@@@ mem[ 1256] = fea42623e08080e7 : 18348832717346472167
@@@ mem[ 1264] = 00c00713fec42783 : 54050977988487043
@@@ mem[ 1272] = fec4278300e7a023 : 18357841424678363171
@@@ mem[ 1280] = 00e7922300600713 : 65181398647965459
@@@ mem[ 1288] = 00100713fec42783 : 4511382087411587
@@@ mem[ 1296] = fec4278300e78323 : 18357841424678355747
@@@ mem[ 1304] = 00e7a42305700713 : 65201189942200083
@@@ mem[ 1312] = 00b00713fec42783 : 49547378361116547
@@@ mem[ 1320] = 0100051300e7a623 : 72063173215626787
@@@ mem[ 1328] = dbc080e700000097 : 15834798019460464791
@@@ mem[ 1336] = fec42503fea42423 : 18357838680156283939
@@@ mem[ 1344] = b70080e700000097 : 13186681438566613143
@@@ mem[ 1352] = 0000009701000513 : 648556840211
@@@ mem[ 1360] = fea42223da0080e7 : 18348828319190909159
@@@ mem[ 1368] = 7d300713fe842783 : 9020717836078950275
@@@ mem[ 1376] = fe44278300e79223 : 18321812627659395619
@@@ mem[ 1384] = 00e792237d400713 : 65181400743020307
@@@ mem[ 1392] = 0000009701000513 : 648556840211
@@@ mem[ 1400] = fea42023f0c080e7 : 18348826120549335271
@@@ mem[ 1408] = 7e300713fe042783 : 9092775430108489603
@@@ mem[ 1416] = fe04278300e79223 : 18303798229149913635
@@@ mem[ 1424] = 000788630067c783 : 2120283626915715
@@@ mem[ 1432] = 0000009700200513 : 648542160147
@@@ mem[ 1440] = fe842503af4080e7 : 18339824280314872039
@@@ mem[ 1448] = b08080e700000097 : 12718307077320081559
@@@ mem[ 1456] = 00000097fe042503 : 652801746179
@@@ mem[ 1464] = 00000793afc080e7 : 8330890215655
@@@ mem[ 1472] = 01c1208300078513 : 126418011556381971
@@@ mem[ 1480] = 0201011301812403 : 144397844193813507
@@@ mem[ 1488] = 872a433d00008067 : 9739671073414217831
@@@ mem[ 1496] = 00f7779302c37363 : 69655792537793379
@@@ mem[ 1504] = ff067693e5adefbd : 18376505707117539261
@@@ mem[ 1512] = c34cc30c96ba8a3d : 14072837394461788733
@@@ mem[ 1520] = 6be30741c74cc70c : 7774065360869574412
@@@ mem[ 1528] = 06b38082e211fed7 : 482870884685709015
@@@ mem[ 1536] = 00000297068a40c3 : 2847673041091
@@@ mem[ 1544] = 072300a680679696 : 514255497569212054
@@@ mem[ 1552] = 062300b706a300b7 : 442197974502801591
@@@ mem[ 1560] = 052300b705a300b7 : 370140380448096439
@@@ mem[ 1568] = 042300b704a300b7 : 298082786393391287
@@@ mem[ 1576] = 032300b703a300b7 : 226025192338686135
@@@ mem[ 1584] = 022300b702a300b7 : 153967598283980983
@@@ mem[ 1592] = 012300b701a300b7 : 81910004229275831
@@@ mem[ 1600] = 002300b700a300b7 : 9852410174570679
@@@ mem[ 1608] = 0ff5f593808200b7 : 1150095293728030903
@@@ mem[ 1616] = 96938dd500859693 : 10850171873241962131
@@@ mem[ 1624] = 9693b7618dd50105 : 10850217556884914437
@@@ mem[ 1632] = 9696000002970027 : 10850860352239239207
@@@ mem[ 1640] = 8096fa8680e78286 : 9265868738956591750
@@@ mem[ 1648] = 74e3963e8f1d17c1 : 8422740923546146753
@@@ mem[ 1656] = 00000000b7a5f8c3 : 3081107651
@@@
@@@ mem[ 1728] = 00003fb800000728 : 70059506534184
@@@
@@@ mem[ 1760] = 00000010000046e0 : 68719494880
@@@ mem[ 1768] = 000107d40000000c : 290082091171852
@@@ mem[ 1776] = 0000000b00000057 : 47244640343
@@@ mem[ 1784] = 00000010000046e0 : 68719494880
@@@ mem[ 1792] = 000007d300000000 : 8602819493888
@@@
@@@ mem[ 1808] = 00000010000046e0 : 68719494880
@@@
@@@ mem[18144] = 00000000000046e0 : 18144
@@@ mem[18152] = 00000000000046e0 : 18144
@@@
@@@ mem[65320] = 0000071800000000 : 7799660609536
@@@
@@@ mem[65336] = 000046e000000710 : 77927886620432
@@@
@@@ mem[65352] = 000002d00000ff80 : 3092376518528
@@@
@@@ mem[65368] = 0000001800000000 : 103079215104
@@@
@@@ mem[65384] = 00000718000006f8 : 7799660611320
@@@
@@@ mem[65400] = 000004400000ffb0 : 4672924483504
@@@
@@@ mem[65416] = 0000001000000000 : 68719476736
@@@ mem[65424] = 0000001800000000 : 103079215104
@@@ mem[65432] = 00000718000046e0 : 7799660627680
@@@
@@@ mem[65448] = 000004a00000ffe0 : 5085241343968
@@@
@@@ mem[65464] = 0000001000000000 : 68719476736
@@@ mem[65472] = 0000001800000000 : 103079215104
@@@ mem[65480] = 00000718000046e0 : 7799660627680
@@@
@@@ mem[65496] = 0000057c00010000 : 6030134149120
@@@ mem[65504] = 000006e800000000 : 7593502179328
@@@ mem[65512] = 000006e800000700 : 7593502181120
@@@
@@@ mem[65528] = 0000009000010000 : 618475356160
@@@
@@                142720 : System halted
@@
@@@ System halted on illegal instruction
@@@
@@
@@  1424 cycles / 738 instrs = 1.929539 CPI
@@
@@  14230.00 ns total time to execute
@@

- testbench/testbench.sv:301: Verilog $finish
- S i m u l a t i o n   R e p o r t: Verilator 5.026 2024-06-15
- Verilator: $finish at 14us; walltime 0.021 s; speed 0.000 s/s
- Verilator: cpu 0.000 s on 1 threads; alloced 121 MB
