Loading memory file: output/haha.hex
Using writeback output file: output/haha.wb
Using pipeline output file: output/haha.ppln
@@
@@
@@                     0  Asserting System reset......
@@
@@                   100 : System STILL at reset, can't show anything
@@
@@
@@                   200 : System STILL at reset, can't show anything
@@
@@
@@                   300 : System STILL at reset, can't show anything
@@
@@                   360  Deasserting System reset......
@@
@@
@@@ Unified Memory contents hex on left, decimal on right: 
@@@
@@@ mem[    0] = 0000051300000013 : 5579162517523
@@@ mem[    8] = 01a58593000035b7 : 118647831601886647
@@@ mem[   16] = 0000113715600613 : 18928279488019
@@@ mem[   24] = 00b1202380010113 : 49856407721279763
@@@ mem[   32] = 00a6053300410113 : 46730562739699987
@@@ mem[   40] = 00a1202300b60533 : 45352805958288691
@@@ mem[   48] = 00012503ff010113 : 322174070096147
@@@ mem[   56] = 0000001340a60533 : 82689000755
@@@ mem[   64] = 1050007300000013 : 1175439996664938515
@@@ mem[   72] = 0000001300000013 : 81604378643
@@@
@@@ mem[ 2048] = 000031700000301a : 54357106110490
@@@
@@@
@@                  2820 : System halted
@@
@@@ System halted on WFI instruction
@@@
@@
@@  25 cycles / 17 instrs = 1.470588 CPI
@@
@@  240.00 ns total time to execute
@@

- testbench/testbench.sv:301: Verilog $finish
- S i m u l a t i o n   R e p o r t: Verilator 5.026 2024-06-15
- Verilator: $finish at 385ns; walltime 0.002 s; speed 0.000 s/s
- Verilator: cpu 0.000 s on 1 threads; alloced 121 MB
