Loading memory file: output/matrix_mult_rec.hex
Using writeback output file: output/matrix_mult_rec.wb
Using pipeline output file: output/matrix_mult_rec.ppln
@@
@@
@@                     0  Asserting System reset......
@@
@@                   100 : System STILL at reset, can't show anything
@@
@@
@@                   200 : System STILL at reset, can't show anything
@@
@@
@@                   300 : System STILL at reset, can't show anything
@@
@@                   360  Deasserting System reset......
@@
@@
@@@ Unified Memory contents hex on left, decimal on right: 
@@@
@@@ mem[    0] = 0000009700000013 : 648540061715
@@@ mem[    8] = 0001011708c08093 : 282673419419795
@@@ mem[   16] = 00010413ff410113 : 285958910050579
@@@ mem[   24] = f081819300001197 : 17330275309458559383
@@@ mem[   32] = 0000029300000213 : 2830383448595
@@@ mem[   40] = 0000039300000313 : 3929895076627
@@@ mem[   48] = 0000051300000493 : 5579162518675
@@@ mem[   56] = 0000061300000593 : 6678674146707
@@@ mem[   64] = 0000071300000693 : 7778185774739
@@@ mem[   72] = 0000081300000793 : 8877697402771
@@@ mem[   80] = 0000091300000893 : 9977209030803
@@@ mem[   88] = 00000a1300000993 : 11076720658835
@@@ mem[   96] = 00000b1300000a93 : 12176232286867
@@@ mem[  104] = 00000c1300000b93 : 13275743914899
@@@ mem[  112] = 00000d1300000c93 : 14375255542931
@@@ mem[  120] = 00000e1300000d93 : 15474767170963
@@@ mem[  128] = 00000f1300000e93 : 16574278798995
@@@ mem[  136] = 3e80006f00000f93 : 4503600104111869843
@@@ mem[  144] = f701011300010117 : 17798508383460983063
@@@ mem[  152] = 00000013fea12c23 : 85876354083
@@@ mem[  160] = 0000001310500073 : 81878057075
@@@ mem[  168] = 0000001300000013 : 81604378643
@@@ mem[  176] = 02112623fd010113 : 148942198690349331
@@@ mem[  184] = 0301041302812423 : 216458736783402019
@@@ mem[  192] = feb42423fea42623 : 18353334118456239651
@@@ mem[  200] = fed42023fec42223 : 18362336919666565667
@@@ mem[  208] = fcf42c23fce42e23 : 18227242124953529891
@@@ mem[  216] = 000007b7fd042a23 : 8486805318179
@@@ mem[  224] = fec427037607a783 : 18357840876887582595
@@@ mem[  232] = 000007b71ae7d463 : 8483011810403
@@@ mem[  240] = fdc427037647a783 : 18285783282853848963
@@@ mem[  248] = 000007b714e7da63 : 8482911148643
@@@ mem[  256] = fe8427037687a783 : 18339826478386489219
@@@ mem[  264] = 000007b710e7d263 : 8482844037731
@@@ mem[  272] = 000787137607a783 : 2118842491316099
@@@ mem[  280] = 02f707b319000793 : 213647973123360659
@@@ mem[  288] = 00f70733fd442703 : 69532239121360643
@@@ mem[  296] = 7647a783000007b7 : 8522965000904509367
@@@ mem[  304] = 00f707b300279793 : 69532784630667155
@@@ mem[  312] = 000007b70007a603 : 8482560910851
@@@ mem[  320] = 000787137607a783 : 2118842491316099
@@@ mem[  328] = 02f707b319000793 : 213647973123360659
@@@ mem[  336] = 00f70733fe442703 : 69532239138137859
@@@ mem[  344] = 7687a783000007b7 : 8540979399413991351
@@@ mem[  352] = 00f707b300279793 : 69532784630667155
@@@ mem[  360] = 000007b70007a703 : 8482560911107
@@@ mem[  368] = 000786937687a783 : 2118292743890819
@@@ mem[  376] = 02f687b319000793 : 213507235635005331
@@@ mem[  384] = 00f686b3fd842683 : 69390951881385603
@@@ mem[  392] = 7647a783000007b7 : 8522965000904509367
@@@ mem[  400] = 00f687b300279793 : 69392047142311827
@@@ mem[  408] = 02f707330007a783 : 213647422948616067
@@@ mem[  416] = 7607a783000007b7 : 8504950602395027383
@@@ mem[  424] = 1900079300078693 : 1801448178890278547
@@@ mem[  432] = fd44268302f687b3 : 18249753934144374707
@@@ mem[  440] = 000007b700f686b3 : 8482576565939
@@@ mem[  448] = 00e607337647a783 : 64747162252584835
@@@ mem[  456] = 00f687b300279793 : 69392047142311827
@@@ mem[  464] = 000007b700e7a023 : 8482575589411
@@@ mem[  472] = 001787137687a783 : 6622442127075203
@@@ mem[  480] = 76e7a423000007b7 : 8567997286326470583
@@@ mem[  488] = fd842783fd442803 : 18267769436364875779
@@@ mem[  496] = fe042683fdc42703 : 18303797133880600323
@@@ mem[  504] = fe842583fe442603 : 18339824831396324867
@@@ mem[  512] = 00000097fec42503 : 652814329091
@@@ mem[  520] = 000007b7eac080e7 : 8486498894055
@@@ mem[  528] = 000007b77607a423 : 8484540621859
@@@ mem[  536] = 001787137647a783 : 6622442122880899
@@@ mem[  544] = 76e7a223000007b7 : 8567995087303215031
@@@ mem[  552] = fd842783fd442803 : 18267769436364875779
@@@ mem[  560] = fe042683fdc42703 : 18303797133880600323
@@@ mem[  568] = fe842583fe442603 : 18339824831396324867
@@@ mem[  576] = 00000097fec42503 : 652814329091
@@@ mem[  584] = 000007b7e6c080e7 : 8486431785191
@@@ mem[  592] = 000007b77607a223 : 8484540621347
@@@ mem[  600] = 001787137607a783 : 6622442118686595
@@@ mem[  608] = 76e7a023000007b7 : 8567992888279959479
@@@ mem[  616] = fd842783fd442803 : 18267769436364875779
@@@ mem[  624] = fe042683fdc42703 : 18303797133880600323
@@@ mem[  632] = fe842583fe442603 : 18339824831396324867
@@@ mem[  640] = 00000097fec42503 : 652814329091
@@@ mem[  648] = 0080006fe2c080e7 : 36029277564600551
@@@ mem[  656] = 02c1208300000013 : 198475605593817107
@@@ mem[  664] = 0301011302812403 : 216455438248518659
@@@ mem[  672] = 8101011300008067 : 9295712286985453671
@@@ mem[  680] = 7e8124237e112623 : 9115606855632102947
@@@ mem[  688] = ffff72b77f010413 : 18446588731168195603
@@@ mem[  696] = 00510133b7028293 : 22800794738918035
@@@ mem[  704] = ff080813ffff6837 : 18376947161477638199
@@@ mem[  712] = 3aa8262300880833 : 4226670182061836339
@@@ mem[  720] = ff050513ffff6537 : 18376099438012622135
@@@ mem[  728] = 3ab5242300850533 : 4230327157735621939
@@@ mem[  736] = ff058593ffff65b7 : 18376240725256791479
@@@ mem[  744] = 3ac5a223008585b3 : 4234969295828125107
@@@ mem[  752] = ff060613ffff6637 : 18376382012500960823
@@@ mem[  760] = 3ad6202300860633 : 4239611433920628275
@@@ mem[  768] = ff068693ffff66b7 : 18376523299745130167
@@@ mem[  776] = 38e6ae23008686b3 : 4100155976123319987
@@@ mem[  784] = ff070713ffff6737 : 18376664586989299511
@@@ mem[  792] = 38f72c2300870733 : 4104798114215823155
@@@ mem[  800] = ff078793ffff67b7 : 18376805874233468855
@@@ mem[  808] = ffff67b700878733 : 18446576634418399027
@@@ mem[  816] = 008787b3ff078793 : 38148329003517843
@@@ mem[  824] = 3a87a7833a072703 : 4217523758111860483
@@@ mem[  832] = ffff67b710f71a63 : 18446576634694146659
@@@ mem[  840] = 008787b3ff078793 : 38148329003517843
@@@ mem[  848] = 0000a7b73b478713 : 184405415397139
@@@ mem[  856] = 00078613c4078793 : 2117744288302995
@@@ mem[  864] = 0007051300000593 : 1975903999493523
@@@ mem[  872] = 2f8080e700000097 : 3422877446427377815
@@@ mem[  880] = 3b478793ffff67b7 : 4271531841309075383
@@@ mem[  888] = 00878833ff078793 : 38148878759331731
@@@ mem[  896] = ff078793ffff67b7 : 18376805874233468855
@@@ mem[  904] = ffff6737008787b3 : 18446576084662585267
@@@ mem[  912] = 00870733ff070713 : 38007041759315731
@@@ mem[  920] = ff068693ffff66b7 : 18376523299745130167
@@@ mem[  928] = ffff6637008686b3 : 18446574985150891699
@@@ mem[  936] = 00860633ff060613 : 37724467270911507
@@@ mem[  944] = ff058593ffff65b7 : 18376240725256791479
@@@ mem[  952] = ffff6537008585b3 : 18446573885639198131
@@@ mem[  960] = 00850533ff050513 : 37441892782507283
@@@ mem[  968] = 39c727033987a783 : 4163339275330889603
@@@ mem[  976] = 3a4626033a06a683 : 4199085497869837955
@@@ mem[  984] = 3ac525033a85a583 : 4234831720408786307
@@@ mem[  992] = cd0080e700000097 : 14771948507401027735
@@@ mem[ 1000] = 04c0006ffe042623 : 342274052683212323
@@@ mem[ 1008] = 0200006ffe042423 : 144115669078909987
@@@ mem[ 1016] = fe442783fe042223 : 18321812631905903139
@@@ mem[ 1024] = fef4222300178793 : 18371346313671837587
@@@ mem[ 1032] = 00178793fe842783 : 6622994164361091
@@@ mem[ 1040] = ffff67b7fef42423 : 18446576638686929955
@@@ mem[ 1048] = 008787b3ff078793 : 38148329003517843
@@@ mem[ 1056] = 39c7a783fe842703 : 4163480565879940867
@@@ mem[ 1064] = fec42783fcf748e3 : 18357841428907247843
@@@ mem[ 1072] = fef4262300178793 : 18371350711718348691
@@@ mem[ 1080] = ff078793ffff67b7 : 18376805874233468855
@@@ mem[ 1088] = fec42703008787b3 : 18357840874916251571
@@@ mem[ 1096] = faf742e33ac7a783 : 18083996372440688515
@@@ mem[ 1104] = 000000130080006f : 81612767343
@@@ mem[ 1112] = 49028293000092b7 : 5260910882594001591
@@@ mem[ 1120] = 7ec1208300510133 : 9133617266302189875
@@@ mem[ 1128] = 7f0101137e812403 : 9151597101031957507
@@@ mem[ 1136] = 8101011300008067 : 9295712286985453671
@@@ mem[ 1144] = 7e8124237e112623 : 9115606855632102947
@@@ mem[ 1152] = e70101137f010413 : 16645586880984843283
@@@ mem[ 1160] = 4b000713b3040793 : 5404327334033754003
@@@ mem[ 1168] = 0000059300070613 : 6128918791699
@@@ mem[ 1176] = 0000009700078513 : 648540554515
@@@ mem[ 1184] = 001007931c4080e7 : 4511928042946791
@@@ mem[ 1192] = 00200793b2f42823 : 9015530198673443
@@@ mem[ 1200] = 00300793b2f42a23 : 13519129826044451
@@@ mem[ 1208] = 00400793b2f42c23 : 18022729453415459
@@@ mem[ 1216] = 00500793ccf42023 : 22526329516990499
@@@ mem[ 1224] = 00600793ccf42223 : 27029929144361507
@@@ mem[ 1232] = 00700793ccf42423 : 31533528771732515
@@@ mem[ 1240] = 00800793e4f42823 : 36037128801757219
@@@ mem[ 1248] = 00900793e4f42a23 : 40540728429128227
@@@ mem[ 1256] = fffff7b7e4f42c23 : 18446734967925124131
@@@ mem[ 1264] = 008787b3ff078793 : 38148329003517843
@@@ mem[ 1272] = 4b00071369078793 : 5404327332792469395
@@@ mem[ 1280] = 0000059300070613 : 6128918791699
@@@ mem[ 1288] = 0000009700078513 : 648540554515
@@@ mem[ 1296] = fffff7b7154080e7 : 18446734964440465639
@@@ mem[ 1304] = 008787b3ff078793 : 38148329003517843
@@@ mem[ 1312] = 68e7a82300100713 : 7559195367843038995
@@@ mem[ 1320] = ff078793fffff7b7 : 18376805874233505719
@@@ mem[ 1328] = 00200713008787b3 : 9014977449396147
@@@ mem[ 1336] = fffff7b768e7aa23 : 18446734965843929635
@@@ mem[ 1344] = 008787b3ff078793 : 38148329003517843
@@@ mem[ 1352] = 68e7ac2300300713 : 7559199765891647251
@@@ mem[ 1360] = ff078793fffff7b7 : 18376805874233505719
@@@ mem[ 1368] = 000017b700878733 : 26074755335987
@@@ mem[ 1376] = 0040071300f707b3 : 18022176711444403
@@@ mem[ 1384] = fffff7b782e7a023 : 18446734966280134691
@@@ mem[ 1392] = 00878733ff078793 : 38147779247703955
@@@ mem[ 1400] = 00f707b3000017b7 : 69532784628078519
@@@ mem[ 1408] = 82e7a22300500713 : 9432686215763592979
@@@ mem[ 1416] = ff078793fffff7b7 : 18376805874233505719
@@@ mem[ 1424] = 000017b700878733 : 26074755335987
@@@ mem[ 1432] = 0060071300f707b3 : 27029375966185395
@@@ mem[ 1440] = fffff7b782e7a423 : 18446734966280135715
@@@ mem[ 1448] = 00878733ff078793 : 38147779247703955
@@@ mem[ 1456] = 00f707b3000017b7 : 69532784628078519
@@@ mem[ 1464] = 9ae7a82300700713 : 11162075069745727251
@@@ mem[ 1472] = ff078793fffff7b7 : 18376805874233505719
@@@ mem[ 1480] = 000017b700878733 : 26074755335987
@@@ mem[ 1488] = 0080071300f707b3 : 36036575220926387
@@@ mem[ 1496] = fffff7b79ae7aa23 : 18446734966682790435
@@@ mem[ 1504] = 00878733ff078793 : 38147779247703955
@@@ mem[ 1512] = 00f707b3000017b7 : 69532784628078519
@@@ mem[ 1520] = 9ae7ac2300900713 : 11162079467794335507
@@@ mem[ 1528] = fef4262300300793 : 18371350711719954323
@@@ mem[ 1536] = fef4242300300793 : 18371348512696698771
@@@ mem[ 1544] = fef4222300300793 : 18371346313673443219
@@@ mem[ 1552] = fef4202300300793 : 18371344114650187667
@@@ mem[ 1560] = 69078793fffff7b7 : 7568166768544315319
@@@ mem[ 1568] = 008787b3ff078793 : 38148329003517843
@@@ mem[ 1576] = fe042703b3040613 : 18303797682382308883
@@@ mem[ 1584] = fe842583fe442683 : 18339824831396324995
@@@ mem[ 1592] = 00000097fec42503 : 652814329091
@@@ mem[ 1600] = 00000793c68080e7 : 8331271897319
@@@ mem[ 1608] = 1901011300078513 : 1801722507041408275
@@@ mem[ 1616] = 7e8124037ec12083 : 9115606718204682371
@@@ mem[ 1624] = 000080677f010113 : 141182000759059
@@@ mem[ 1632] = 02c37363872a433d : 199129679841084221
@@@ mem[ 1640] = e5adefbd00f77793 : 16550147800700516243
@@@ mem[ 1648] = 96ba8a3dff067693 : 10861145450233624211
@@@ mem[ 1656] = c74cc70cc34cc30c : 14361072169407791884
@@@ mem[ 1664] = e211fed76be30741 : 16290081528357259073
@@@ mem[ 1672] = 068a40c306b38082 : 471260317388865666
@@@ mem[ 1680] = 8067969600000297 : 9252529530445234839
@@@ mem[ 1688] = 06a300b7072300a6 : 478226771530154150
@@@ mem[ 1696] = 05a300b7062300b7 : 406169177475449015
@@@ mem[ 1704] = 04a300b7052300b7 : 334111583420743863
@@@ mem[ 1712] = 03a300b7042300b7 : 262053989366038711
@@@ mem[ 1720] = 02a300b7032300b7 : 189996395311333559
@@@ mem[ 1728] = 01a300b7022300b7 : 117938801256628407
@@@ mem[ 1736] = 00a300b7012300b7 : 45881207201923255
@@@ mem[ 1744] = 808200b7002300b7 : 9259964569808470199
@@@ mem[ 1752] = 008596930ff5f593 : 37601730274653587
@@@ mem[ 1760] = 8dd5010596938dd5 : 10220076052899925461
@@@ mem[ 1768] = 029700279693b761 : 186618079589152609
@@@ mem[ 1776] = 80e7828696960000 : 9288536271038578688
@@@ mem[ 1784] = 8f1d17c18096fa86 : 10312424841601809030
@@@ mem[ 1792] = b7a5f8c374e3963e : 13233256598461453886
@@@
@@@ mem[65528] = 0000009000010000 : 618475356160
@@@
@@                  6420 : System halted
@@
@@@ System halted on illegal instruction
@@@
@@
@@  61 cycles / 48 instrs = 1.270833 CPI
@@
@@  600.00 ns total time to execute
@@

- testbench/testbench.sv:301: Verilog $finish
- S i m u l a t i o n   R e p o r t: Verilator 5.026 2024-06-15
- Verilator: $finish at 745ns; walltime 0.003 s; speed 0.000 s/s
- Verilator: cpu 0.000 s on 1 threads; alloced 121 MB
