Loading memory file: output/priority_queue.hex
Using writeback output file: output/priority_queue.wb
Using pipeline output file: output/priority_queue.ppln
@@
@@
@@                     0  Asserting System reset......
@@
@@                   100 : System STILL at reset, can't show anything
@@
@@
@@                   200 : System STILL at reset, can't show anything
@@
@@
@@                   300 : System STILL at reset, can't show anything
@@
@@                   360  Deasserting System reset......
@@
@@
@@@ Unified Memory contents hex on left, decimal on right: 
@@@
@@@ mem[    0] = 0000009700000013 : 648540061715
@@@ mem[    8] = 0001011708c08093 : 282673419419795
@@@ mem[   16] = 00010413ff410113 : 285958910050579
@@@ mem[   24] = 0281819300001197 : 180567928431710615
@@@ mem[   32] = 0000029300000213 : 2830383448595
@@@ mem[   40] = 0000039300000313 : 3929895076627
@@@ mem[   48] = 0000051300000493 : 5579162518675
@@@ mem[   56] = 0000061300000593 : 6678674146707
@@@ mem[   64] = 0000071300000693 : 7778185774739
@@@ mem[   72] = 0000081300000793 : 8877697402771
@@@ mem[   80] = 0000091300000893 : 9977209030803
@@@ mem[   88] = 00000a1300000993 : 11076720658835
@@@ mem[   96] = 00000b1300000a93 : 12176232286867
@@@ mem[  104] = 00000c1300000b93 : 13275743914899
@@@ mem[  112] = 00000d1300000c93 : 14375255542931
@@@ mem[  120] = 00000e1300000d93 : 15474767170963
@@@ mem[  128] = 00000f1300000e93 : 16574278798995
@@@ mem[  136] = 6200006f00000f93 : 7061644692458311571
@@@ mem[  144] = f701011300010117 : 17798508383460983063
@@@ mem[  152] = 00000013fea12c23 : 85876354083
@@@ mem[  160] = 0000001310500073 : 81878057075
@@@ mem[  168] = 0000001300000013 : 81604378643
@@@ mem[  176] = 02112623fd010113 : 148942198690349331
@@@ mem[  184] = 0301041302812423 : 216458736783402019
@@@ mem[  192] = fdc42703fca42e23 : 18285783285108059683
@@@ mem[  200] = 88078793000017b7 : 9801952179425122231
@@@ mem[  208] = 000057b700f76a63 : 96443506846307
@@@ mem[  216] = fdc4270388078793 : 18285783283151636371
@@@ mem[  224] = 0010051300e7f863 : 4509178805090403
@@@ mem[  232] = fa8080e700000097 : 18050569036126748823
@@@ mem[  240] = ff878793fdc42783 : 18412834671214995331
@@@ mem[  248] = 000057b7fef42423 : 96447768044579
@@@ mem[  256] = fef426238887a783 : 18371350714007398275
@@@ mem[  264] = fec4278303c0006f : 18357841424726098031
@@@ mem[  272] = fec427030007a783 : 18357840874907871107
@@@ mem[  280] = fe84270302f76063 : 18339826476447653987
@@@ mem[  288] = 02e7ee63fec42783 : 209398020939458435
@@@ mem[  296] = 0007a783fec42783 : 2154510193796995
@@@ mem[  304] = 02f76663fe842703 : 213752086981256963
@@@ mem[  312] = 0007a783fec42783 : 2154510193796995
@@@ mem[  320] = fe842703fef42623 : 18339826480675300899
@@@ mem[  328] = fce7f0e3fec42783 : 18223799279200511875
@@@ mem[  336] = 0007a783fec42783 : 2154510193796995
@@@ mem[  344] = faf778e3fe842703 : 18084055749352498947
@@@ mem[  352] = 0047a783fe842783 : 20168908699084675
@@@ mem[  360] = fe84270300379793 : 18339826476401530771
@@@ mem[  368] = fec4278300f70733 : 18357841424679372595
@@@ mem[  376] = 02f71e630007a783 : 213672917874485123
@@@ mem[  384] = 0047a703fe842783 : 20168358943270787
@@@ mem[  392] = 0007a783fec42783 : 2154510193796995
@@@ mem[  400] = 00f707330047a783 : 69532234876954499
@@@ mem[  408] = 00e7a223fe842783 : 65198995097790339
@@@ mem[  416] = 0007a783fec42783 : 2154510193796995
@@@ mem[  424] = fe8427830007a703 : 18339827026154202883
@@@ mem[  432] = 0140006f00e7a023 : 90072469303959587
@@@ mem[  440] = 0007a703fec42783 : 2153960437983107
@@@ mem[  448] = 00e7a023fe842783 : 65196796074534787
@@@ mem[  456] = 0047a783fec42783 : 20168908703278979
@@@ mem[  464] = fec4270300379793 : 18357840874911012755
@@@ mem[  472] = fe84270300f707b3 : 18339826476414076851
@@@ mem[  480] = fec4278302f71a63 : 18357841424712931939
@@@ mem[  488] = fe8427830047a703 : 18339827026158397187
@@@ mem[  496] = 00f707330047a783 : 69532234876954499
@@@ mem[  504] = 00e7a223fec42783 : 65198995101984643
@@@ mem[  512] = 0007a703fe842783 : 2153960433788803
@@@ mem[  520] = 00e7a023fec42783 : 65196796078729091
@@@ mem[  528] = fec427830100006f : 18357841424679960687
@@@ mem[  536] = 00e7a023fe842703 : 65196796074534659
@@@ mem[  544] = fec42703000057b7 : 18357840874907391927
@@@ mem[  552] = 0000001388e7a423 : 83901260835
@@@ mem[  560] = 0281240302c12083 : 180465055421243523
@@@ mem[  568] = 0000806703010113 : 141179920384275
@@@ mem[  576] = 02112623fd010113 : 148942198690349331
@@@ mem[  584] = 0301041302812423 : 216458736783402019
@@@ mem[  592] = 000017b7fca42e23 : 26078985072163
@@@ mem[  600] = fdc427038647a783 : 18285783283122284419
@@@ mem[  608] = 0000079300e7f663 : 8327956788835
@@@ mem[  616] = 000017b70700006f : 26074863894639
@@@ mem[  624] = fef426238607a783 : 18371350713965455235
@@@ mem[  632] = 8607a703000017b7 : 9657871557246064567
@@@ mem[  640] = 00f70733fdc42783 : 69532239129749379
@@@ mem[  648] = 86e7a023000017b7 : 9720914392886810551
@@@ mem[  656] = 8647a703000017b7 : 9675885955755546551
@@@ mem[  664] = 40f70733fdc42783 : 4681218257557137283
@@@ mem[  672] = 86e7a223000017b7 : 9720916591910066103
@@@ mem[  680] = ff878713fdc42783 : 18412834121459181443
@@@ mem[  688] = 00e7a223fec42783 : 65198995101984643
@@@ mem[  696] = 00878793fec42783 : 38148191560148867
@@@ mem[  704] = fec42503fef42623 : 18357838680161527331
@@@ mem[  712] = de8080e700000097 : 16032956403064766615
@@@ mem[  720] = 8887a783000057b7 : 9838016092096714679
@@@ mem[  728] = 02c1208300078513 : 198475605594309907
@@@ mem[  736] = 0301011302812403 : 216455438248518659
@@@ mem[  744] = fd01011300008067 : 18230853947688517735
@@@ mem[  752] = 0281242302112623 : 180465192848664099
@@@ mem[  760] = fca42e2303010413 : 18204726321647518739
@@@ mem[  768] = 000047b7fdc42703 : 78855562077955
@@@ mem[  776] = 0000079300e7f663 : 8327956788835
@@@ mem[  784] = fdc4278315c0006f : 18285783830990159983
@@@ mem[  792] = 00078a630037f793 : 2122482647037843
@@@ mem[  800] = ffc7f793fdc42783 : 18430972215026788227
@@@ mem[  808] = fcf42e2300478793 : 18227244319738660755
@@@ mem[  816] = 00878793fdc42783 : 38148191543371651
@@@ mem[  824] = 000057b7fef42223 : 96447768044067
@@@ mem[  832] = fef424238887a783 : 18371348514984142723
@@@ mem[  840] = 02079e63fe842783 : 146259665221855107
@@@ mem[  848] = 88078793000057b7 : 9801952179425138615
@@@ mem[  856] = 000057b7fef42423 : 96447768044579
@@@ mem[  864] = 88e7a423fe842703 : 9865033983279245059
@@@ mem[  872] = 8887a703000057b7 : 9838015542340900791
@@@ mem[  880] = 88078793000057b7 : 9801952179425138615
@@@ mem[  888] = 000057b700e7a023 : 96443505811491
@@@ mem[  896] = 0007a22388078793 : 2148598326724499
@@@ mem[  904] = 0007a783fe842783 : 2154510189602691
@@@ mem[  912] = fec42783fef42623 : 18357841428940596771
@@@ mem[  920] = fdc427030047a783 : 18285783280874137475
@@@ mem[  928] = fec4278308e7e263 : 18357841424812597859
@@@ mem[  936] = fdc427030047a783 : 18285783280874137475
@@@ mem[  944] = fec4278300f71c63 : 18357841424679378019
@@@ mem[  952] = fe8427830007a703 : 18339827026154202883
@@@ mem[  960] = 0400006f00e7a023 : 288230852908261411
@@@ mem[  968] = 0047a703fec42783 : 20168358947465091
@@@ mem[  976] = 40f70733fe442783 : 4681218257565525891
@@@ mem[  984] = 00e7a223fec42783 : 65198995101984643
@@@ mem[  992] = 0047a783fec42783 : 20168908703278979
@@@ mem[ 1000] = fec4270300379793 : 18357840874911012755
@@@ mem[ 1008] = fef4262300f707b3 : 18371350711732996019
@@@ mem[ 1016] = fdc42703fec42783 : 18285783285143709571
@@@ mem[ 1024] = 000057b700e7a223 : 96443505812003
@@@ mem[ 1032] = 88e7a423fe842703 : 9865033983279245059
@@@ mem[ 1040] = 00878793fec42783 : 38148191560148867
@@@ mem[ 1048] = fec42783fef42623 : 18357841428940596771
@@@ mem[ 1056] = 000057b704c0006f : 96443570323567
@@@ mem[ 1064] = fec427038887a783 : 18357840877197961091
@@@ mem[ 1072] = fe44250302f71263 : 18321809878914896483
@@@ mem[ 1080] = e08080e700000097 : 16177071591140622487
@@@ mem[ 1088] = fec42783fea42623 : 18357841428935353891
@@@ mem[ 1096] = 0000079300079663 : 8327942084195
@@@ mem[ 1104] = fec4278301c0006f : 18357841424692543599
@@@ mem[ 1112] = fec42783fef42423 : 18357841428940596259
@@@ mem[ 1120] = fef426230007a783 : 18371350711717308291
@@@ mem[ 1128] = 00078513f2dff06f : 2116645562609775
@@@ mem[ 1136] = 0281240302c12083 : 180465055421243523
@@@ mem[ 1144] = 0000806703010113 : 141179920384275
@@@ mem[ 1152] = 02112623fd010113 : 148942198690349331
@@@ mem[ 1160] = 0301041302812423 : 216458736783402019
@@@ mem[ 1168] = fdc42503fca42e23 : 18285781086084804131
@@@ mem[ 1176] = e54080e700000097 : 16519345162820780183
@@@ mem[ 1184] = fdc42603fea42623 : 18285782185629984291
@@@ mem[ 1192] = fec4250300000593 : 18357838675884115347
@@@ mem[ 1200] = 2b0080e700000097 : 3098618273256702103
@@@ mem[ 1208] = 00078513fec42783 : 2116645762115459
@@@ mem[ 1216] = 0281240302c12083 : 180465055421243523
@@@ mem[ 1224] = 0000806703010113 : 141179920384275
@@@ mem[ 1232] = 02112623fd010113 : 148942198690349331
@@@ mem[ 1240] = 0301041302812423 : 216458736783402019
@@@ mem[ 1248] = fcb42c23fca42e23 : 18209227726439853603
@@@ mem[ 1256] = 0000009700c00513 : 648552645907
@@@ mem[ 1264] = fea42623e00080e7 : 18348832717338083559
@@@ mem[ 1272] = fdc42703fec42783 : 18285783285143709571
@@@ mem[ 1280] = fec4278300e7a023 : 18357841424678363171
@@@ mem[ 1288] = 00e7a223fd842703 : 65198995081012995
@@@ mem[ 1296] = 0007a423fec42783 : 2150799342053251
@@@ mem[ 1304] = 00078513fec42783 : 2116645762115459
@@@ mem[ 1312] = 0281240302c12083 : 180465055421243523
@@@ mem[ 1320] = 0000806703010113 : 141179920384275
@@@ mem[ 1328] = 00812e23fe010113 : 36361004115886355
@@@ mem[ 1336] = fea4262302010413 : 18348832713613575187
@@@ mem[ 1344] = 0007a783fec42783 : 2154510193796995
@@@ mem[ 1352] = 000785130007a783 : 2116641488349059
@@@ mem[ 1360] = 0201011301c12403 : 144397844198007811
@@@ mem[ 1368] = fd01011300008067 : 18230853947688517735
@@@ mem[ 1376] = 0281242302112623 : 180465192848664099
@@@ mem[ 1384] = fca42e2303010413 : 18204726321647518739
@@@ mem[ 1392] = 0007a783fdc42783 : 2154510177019779
@@@ mem[ 1400] = fdc42783fef42623 : 18285783834902668835
@@@ mem[ 1408] = 0087a7030007a783 : 38182753183180675
@@@ mem[ 1416] = 00e7a023fdc42783 : 65196796061951875
@@@ mem[ 1424] = 00000097fec42503 : 652814329091
@@@ mem[ 1432] = 00000013b1c080e7 : 84586561767
@@@ mem[ 1440] = 0281240302c12083 : 180465055421243523
@@@ mem[ 1448] = 0000806703010113 : 141179920384275
@@@ mem[ 1456] = 02112623fd010113 : 148942198690349331
@@@ mem[ 1464] = 0301041302812423 : 216458736783402019
@@@ mem[ 1472] = fcb42c23fca42e23 : 18209227726439853603
@@@ mem[ 1480] = fdc42783fcc42a23 : 18285783834865969699
@@@ mem[ 1488] = fef426230007a783 : 18371350711717308291
@@@ mem[ 1496] = fd842503fd442583 : 18267766687585805699
@@@ mem[ 1504] = ef0080e700000097 : 17221906704690577559
@@@ mem[ 1512] = fdc42783fea42423 : 18285783834897425443
@@@ mem[ 1520] = 0047a7830007a783 : 20168904429512579
@@@ mem[ 1528] = 02f75863fd442703 : 213736693797496579
@@@ mem[ 1536] = 0007a703fdc42783 : 2153960421205891
@@@ mem[ 1544] = 00e7a423fe842783 : 65201194121045891
@@@ mem[ 1552] = fe842703fdc42783 : 18339826480655378307
@@@ mem[ 1560] = 04c0006f00e7a023 : 342274048436707363
@@@ mem[ 1568] = 0087a783fec42783 : 38183307212760963
@@@ mem[ 1576] = fec42783fef42623 : 18357841428940596771
@@@ mem[ 1584] = 00078c630087a783 : 2124681675515779
@@@ mem[ 1592] = 0087a783fec42783 : 38183307212760963
@@@ mem[ 1600] = fd4427030047a783 : 18249754483855173507
@@@ mem[ 1608] = fec42783fce7cce3 : 18357841428906233059
@@@ mem[ 1616] = fe8427830087a703 : 18339827026162591491
@@@ mem[ 1624] = fec4278300e7a423 : 18357841424678364195
@@@ mem[ 1632] = 00e7a423fe842703 : 65201194121045763
@@@ mem[ 1640] = 02c1208300000013 : 198475605593817107
@@@ mem[ 1648] = 0301011302812403 : 216455438248518659
@@@ mem[ 1656] = fe01011300008067 : 18302911541726445671
@@@ mem[ 1664] = 0201041300812e23 : 144401142711922211
@@@ mem[ 1672] = fec42783fea42623 : 18357841428935353891
@@@ mem[ 1680] = 0017b7930007a783 : 6675766452922243
@@@ mem[ 1688] = 000785130ff7f793 : 2116641755756435
@@@ mem[ 1696] = 0201011301c12403 : 144397844198007811
@@@ mem[ 1704] = fe01011300008067 : 18302911541726445671
@@@ mem[ 1712] = 00812c2300112e23 : 36358800832278051
@@@ mem[ 1720] = 0010059302010413 : 4509728579322899
@@@ mem[ 1728] = 0000009700400513 : 648544257299
@@@ mem[ 1736] = 00050793e0c080e7 : 1415706595852519
@@@ mem[ 1744] = fec40793fef42623 : 18357806313287984675
@@@ mem[ 1752] = 0050059300200613 : 22524127057282579
@@@ mem[ 1760] = 0000009700078513 : 648540554515
@@@ mem[ 1768] = fec40793ecc080e7 : 18357806312982610151
@@@ mem[ 1776] = 0060059300300613 : 27027726685701651
@@@ mem[ 1784] = 0000009700078513 : 648540554515
@@@ mem[ 1792] = fec40793eb4080e7 : 18357806312957444327
@@@ mem[ 1800] = 0070059300000613 : 31531326309926419
@@@ mem[ 1808] = 0000009700078513 : 648540554515
@@@ mem[ 1816] = 0140006fe9c080e7 : 90072473210487015
@@@ mem[ 1824] = 00078513fec40793 : 2116645762107283
@@@ mem[ 1832] = e34080e700000097 : 16375229974744924311
@@@ mem[ 1840] = 00078513fec40793 : 2116645762107283
@@@ mem[ 1848] = f44080e700000097 : 17600209073389699223
@@@ mem[ 1856] = fc078ee300050793 : 18160641128003864467
@@@ mem[ 1864] = 0007851300000793 : 2116641487849363
@@@ mem[ 1872] = 0181240301c12083 : 108407461366538371
@@@ mem[ 1880] = 0000806702010113 : 141179903607059
@@@ mem[ 1888] = 02c37363872a433d : 199129679841084221
@@@ mem[ 1896] = e5adefbd00f77793 : 16550147800700516243
@@@ mem[ 1904] = 96ba8a3dff067693 : 10861145450233624211
@@@ mem[ 1912] = c74cc70cc34cc30c : 14361072169407791884
@@@ mem[ 1920] = e211fed76be30741 : 16290081528357259073
@@@ mem[ 1928] = 068a40c306b38082 : 471260317388865666
@@@ mem[ 1936] = 8067969600000297 : 9252529530445234839
@@@ mem[ 1944] = 06a300b7072300a6 : 478226771530154150
@@@ mem[ 1952] = 05a300b7062300b7 : 406169177475449015
@@@ mem[ 1960] = 04a300b7052300b7 : 334111583420743863
@@@ mem[ 1968] = 03a300b7042300b7 : 262053989366038711
@@@ mem[ 1976] = 02a300b7032300b7 : 189996395311333559
@@@ mem[ 1984] = 01a300b7022300b7 : 117938801256628407
@@@ mem[ 1992] = 00a300b7012300b7 : 45881207201923255
@@@ mem[ 2000] = 808200b7002300b7 : 9259964569808470199
@@@ mem[ 2008] = 008596930ff5f593 : 37601730274653587
@@@ mem[ 2016] = 8dd5010596938dd5 : 10220076052899925461
@@@ mem[ 2024] = 029700279693b761 : 186618079589152609
@@@ mem[ 2032] = 80e7828696960000 : 9288536271038578688
@@@ mem[ 2040] = 8f1d17c18096fa86 : 10312424841601809030
@@@ mem[ 2048] = b7a5f8c374e3963e : 13233256598461453886
@@@
@@@ mem[ 2144] = 00003fb0000008d0 : 70025146796240
@@@
@@@ mem[ 2176] = 0000000c00000894 : 51539609748
@@@ mem[ 2184] = 0000000100000004 : 4294967300
@@@ mem[ 2192] = 000008a80000089c : 9517647530140
@@@ mem[ 2200] = 000000050000000c : 21474836492
@@@ mem[ 2208] = 000008b000000002 : 9552007266306
@@@ mem[ 2216] = 0000000c000008bc : 51539609788
@@@ mem[ 2224] = 0000000300000006 : 12884901894
@@@ mem[ 2232] = 0000488000000000 : 79714593013760
@@@ mem[ 2240] = 000000070000000c : 30064771084
@@@ mem[ 2248] = 0000088800000000 : 9380208574464
@@@
@@@ mem[18560] = 0000000000000880 : 2176
@@@ mem[18568] = 0000000000000894 : 2196
@@@
@@@ mem[65272] = 000008c400000000 : 9637906612224
@@@
@@@ mem[65288] = 00004880000008bc : 79714593015996
@@@
@@@ mem[65304] = 000002d00000ff50 : 3092376518480
@@@
@@@ mem[65320] = 0000001400000000 : 85899345920
@@@
@@@ mem[65336] = 000008c400000880 : 9637906614400
@@@
@@@ mem[65352] = 000004400000ff80 : 4672924483456
@@@
@@@ mem[65368] = 0000000c00000000 : 51539607552
@@@ mem[65376] = 0000001400000000 : 85899345920
@@@ mem[65384] = 000008c400004880 : 9637906630784
@@@
@@@ mem[65400] = 000004f40000ffb0 : 5446018596784
@@@
@@@ mem[65416] = 000008b000000000 : 9552007266304
@@@ mem[65424] = 0000001400000000 : 85899345920
@@@ mem[65432] = 00000894000008a8 : 9431748184232
@@@
@@@ mem[65448] = 0000059c0000ffe0 : 6167573102560
@@@
@@@ mem[65464] = 0000ffec00000007 : 281389077364743
@@@
@@@ mem[65480] = 0000ffec000008c4 : 281389077366980
@@@
@@@ mem[65496] = 0001000000010000 : 281474976776192
@@@
@@@ mem[65528] = 0000009000000000 : 618475290624
@@@
@@                281820 : System halted
@@
@@@ System halted on WFI instruction
@@@
@@
@@  2815 cycles / 1454 instrs = 1.936039 CPI
@@
@@  28140.00 ns total time to execute
@@

- testbench/testbench.sv:301: Verilog $finish
- S i m u l a t i o n   R e p o r t: Verilator 5.026 2024-06-15
- Verilator: $finish at 28us; walltime 0.044 s; speed 0.000 s/s
- Verilator: cpu 0.000 s on 1 threads; alloced 121 MB
